Last login: Sun Jan 25 15:13:14 on ttys000
gideonberrie@bobcat-106-47 ~ % /bin/bash -c "$(curl -fsSL https://raw.githubusercontent.com/Homebrew/install/HEAD/install.sh)"
==> Checking for `sudo` access (which may request your password)...
Password:
==> This script will install:
/opt/homebrew/bin/brew
/opt/homebrew/share/doc/homebrew
/opt/homebrew/share/man/man1/brew.1
/opt/homebrew/share/zsh/site-functions/_brew
/opt/homebrew/etc/bash_completion.d/brew
/opt/homebrew
/etc/paths.d/homebrew
==> The Xcode Command Line Tools will be installed.

Press RETURN/ENTER to continue or any other key to abort:
==> /usr/bin/sudo /usr/sbin/chown -R gideonberrie:admin /opt/homebrew
==> Searching online for the Command Line Tools
==> /usr/bin/sudo /usr/bin/touch /tmp/.com.apple.dt.CommandLineTools.installondemand.in-progress
==> Installing Command Line Tools for Xcode-16.4
==> /usr/bin/sudo /usr/sbin/softwareupdate -i Command\ Line\ Tools\ for\ Xcode-16.4
Software Update Tool

Finding available software

Downloading Command Line Tools for Xcode
Error downloading Command Line Tools for Xcode: The operation couldnâ€™t be completed. (PKDownloadError error 8.)
Done.

Error downloading updates.
==> /usr/bin/sudo /usr/bin/xcode-select --switch /Library/Developer/CommandLineTools
Password:
Sorry, try again.
Password:
xcode-select: error: invalid developer directory '/Library/Developer/CommandLineTools'
Failed during: /usr/bin/sudo /usr/bin/xcode-select --switch /Library/Developer/CommandLineTools
gideonberrie@bobcat-106-47 ~ % 
gideonberrie@bobcat-106-47 ~ % xcode-select --install
xcode-select: note: install requested for command line developer tools
gideonberrie@bobcat-106-47 ~ % brew list
zsh: command not found: brew
gideonberrie@bobcat-106-47 ~ % /usr/local/bin/git
zsh: no such file or directory: /usr/local/bin/git
gideonberrie@bobcat-106-47 ~ % xcode-select --install
xcode-select: note: install requested for command line developer tools
gideonberrie@bobcat-106-47 ~ % xcode-select --install
xcode-select: note: install requested for command line developer tools
gideonberrie@bobcat-106-47 ~ % /bin/bash -c "$(curl -fsSL https://raw.githubusercontent.com/Homebrew/install/HEAD/install.sh)"
==> Checking for `sudo` access (which may request your password)...
Password:
==> This script will install:
/opt/homebrew/bin/brew
/opt/homebrew/share/doc/homebrew
/opt/homebrew/share/man/man1/brew.1
/opt/homebrew/share/zsh/site-functions/_brew
/opt/homebrew/etc/bash_completion.d/brew
/opt/homebrew
/etc/paths.d/homebrew

Press RETURN/ENTER to continue or any other key to abort:
==> /usr/bin/sudo /usr/sbin/chown -R gideonberrie:admin /opt/homebrew
==> Downloading and installing Homebrew...
remote: Enumerating objects: 320170, done.
remote: Counting objects: 100% (407/407), done.
remote: Compressing objects: 100% (218/218), done.
remote: Total 320170 (delta 298), reused 233 (delta 189), pack-reused 319763 (from 3)
remote: Enumerating objects: 55, done.
remote: Counting objects: 100% (33/33), done.
remote: Total 55 (delta 33), reused 33 (delta 33), pack-reused 22 (from 1)
==> /usr/bin/sudo /bin/mkdir -p /etc/paths.d
==> /usr/bin/sudo tee /etc/paths.d/homebrew
/opt/homebrew/bin
==> /usr/bin/sudo /usr/sbin/chown root:wheel /etc/paths.d/homebrew
==> /usr/bin/sudo /bin/chmod a+r /etc/paths.d/homebrew
==> Updating Homebrew...
==> Downloading https://ghcr.io/v2/homebrew/core/portable-ruby/blobs/sha256:1c98fa49eacc935640a6f8e10a2bf33f14cfc276804b71ddb658ea45ba99d167
######################################################################### 100.0%
==> Pouring portable-ruby-3.4.8.arm64_big_sur.bottle.tar.gz
==> Installation successful!

==> Homebrew has enabled anonymous aggregate formulae and cask analytics.
Read the analytics documentation (and how to opt-out) here:
  https://docs.brew.sh/Analytics
No analytics data has been sent yet (nor will any be during this install run).

==> Homebrew is run entirely by unpaid volunteers. Please consider donating:
  https://github.com/Homebrew/brew#donations

==> Next steps:
- Run these commands in your terminal to add Homebrew to your PATH:
    echo >> /Users/gideonberrie/.zprofile
    echo 'eval "$(/opt/homebrew/bin/brew shellenv zsh)"' >> /Users/gideonberrie/.zprofile
    eval "$(/opt/homebrew/bin/brew shellenv zsh)"
- Run brew help to get started
- Further documentation:
    https://docs.brew.sh

gideonberrie@bobcat-106-47 ~ % brew help
zsh: command not found: brew
gideonberrie@bobcat-106-47 ~ % brew help
zsh: command not found: brew
gideonberrie@bobcat-106-47 ~ % brew install git
zsh: command not found: brew
gideonberrie@bobcat-106-47 ~ %  echo >> /Users/gideonberrie/.zprofile
    echo 'eval "$(/opt/homebrew/bin/brew shellenv zsh)"' >> /Users/gideonberrie/.zprofile
    eval "$(/opt/homebrew/bin/brew shellenv zsh)"
gideonberrie@bobcat-106-47 ~ % eval "$(/opt/homebrew/bin/brew shellenv zsh)
dquote> $(/opt/homebrew/bin/brew shellenv zsh)
dquote> "
gideonberrie@bobcat-106-47 ~ % $(/opt/homebrew/bin/brew shellenv zsh)
gideonberrie@bobcat-106-47 ~ % $(/opt/homebrew/bin/brew shellenv zsh)
gideonberrie@bobcat-106-47 ~ % ?
zsh: no matches found: ?
gideonberrie@bobcat-106-47 ~ % brew help
Example usage:
  brew search TEXT|/REGEX/
  brew info [FORMULA|CASK...]
  brew install FORMULA|CASK...
  brew update
  brew upgrade [FORMULA|CASK...]
  brew uninstall FORMULA|CASK...
  brew list [FORMULA|CASK...]

Troubleshooting:
  brew config
  brew doctor
  brew install --verbose --debug FORMULA|CASK

Contributing:
  brew create URL [--no-fetch]
  brew edit [FORMULA|CASK...]

Further help:
  brew commands
  brew help [COMMAND]
  man brew
  https://docs.brew.sh
gideonberrie@bobcat-106-47 ~ % brew install git
âœ”ï¸Ž JSON API formula.jws.json                          Downloaded   32.0MB/ 32.0MB
âœ”ï¸Ž JSON API cask.jws.json                             Downloaded   15.3MB/ 15.3MB
==> Fetching downloads for: git
âœ”ï¸Ž Bottle Manifest git (2.52.0_1)                     Downloaded   20.9KB/ 20.9KB
âœ”ï¸Ž Bottle Manifest libunistring (1.4.1)               Downloaded    7.3KB/  7.3KB
âœ”ï¸Ž Bottle Manifest pcre2 (10.47)                      Downloaded   10.4KB/ 10.4KB
âœ”ï¸Ž Bottle Manifest gettext (0.26_1)                   Downloaded   13.8KB/ 13.8KB
âœ”ï¸Ž Bottle Manifest libiconv (1.18)                    Downloaded    7.5KB/  7.5KB
âœ”ï¸Ž Bottle libunistring (1.4.1)                        Downloaded    1.9MB/  1.9MB
âœ”ï¸Ž Bottle pcre2 (10.47)                               Downloaded    2.4MB/  2.4MB
âœ”ï¸Ž Bottle libiconv (1.18)                             Downloaded    1.6MB/  1.6MB
âœ”ï¸Ž Bottle gettext (0.26_1)                            Downloaded    9.6MB/  9.6MB
âœ”ï¸Ž Bottle git (2.52.0_1)                              Downloaded   21.5MB/ 21.5MB
==> Installing dependencies for git: libunistring, gettext, pcre2 and libiconv
==> Installing git dependency: libunistring
==> Pouring libunistring--1.4.1.arm64_sequoia.bottle.tar.gz
ðŸº  /opt/homebrew/Cellar/libunistring/1.4.1: 59 files, 5.8MB
==> Installing git dependency: gettext
==> Pouring gettext--0.26_1.arm64_sequoia.bottle.tar.gz
ðŸº  /opt/homebrew/Cellar/gettext/0.26_1: 2,428 files, 29.6MB
==> Installing git dependency: pcre2
==> Pouring pcre2--10.47.arm64_sequoia.bottle.tar.gz
ðŸº  /opt/homebrew/Cellar/pcre2/10.47: 244 files, 7.3MB
==> Installing git dependency: libiconv
==> Pouring libiconv--1.18.arm64_sequoia.bottle.tar.gz
ðŸº  /opt/homebrew/Cellar/libiconv/1.18: 32 files, 2.9MB
==> Installing git
==> Pouring git--2.52.0_1.arm64_sequoia.bottle.1.tar.gz
==> Caveats
The Tcl/Tk GUIs (e.g. gitk, git-gui) are now in the `git-gui` formula.
Subversion interoperability (git-svn) is now in the `git-svn` formula.
==> Summary
ðŸº  /opt/homebrew/Cellar/git/2.52.0_1: 1,733 files, 59.8MB
==> Running `brew cleanup git`...
Disable this behaviour by setting `HOMEBREW_NO_INSTALL_CLEANUP=1`.
Hide these hints with `HOMEBREW_NO_ENV_HINTS=1` (see `man brew`).
==> Caveats
zsh completions and functions have been installed to:
  /opt/homebrew/share/zsh/site-functions
==> git
The Tcl/Tk GUIs (e.g. gitk, git-gui) are now in the `git-gui` formula.
Subversion interoperability (git-svn) is now in the `git-svn` formula.
gideonberrie@bobcat-106-47 ~ % 
